<?xml version="1.0" encoding="utf-8"?>
<TestRun id="15200c63-9473-4430-8ee4-947e9065e987" name="@Gigis-MacBook-Air 2026-08-08 23:38:15" xmlns="http://microsoft.com/schemas/VisualStudio/TeamTest/2010">
  <Times creation="2026-08-08T23:38:15.5165170+04:00" queuing="2026-08-08T23:38:15.5165170+04:00" start="2026-08-08T23:38:14.9427480+04:00" finish="2026-08-08T23:38:15.7009470+04:00" />
  <TestSettings name="default" id="c186206a-6f20-429e-b051-1825f4c94b79">
    <Deployment runDeploymentRoot="_Gigis-MacBook-Air_2026-08-08_23_38_15" />
  </TestSettings>
  <Results>
    <UnitTestResult executionId="8a5d916f-fcd5-4f53-9a2a-37fc414a775d" testId="83662f9d-98a4-83c6-620c-7697c54c7324" testName="SeeSight.Gateway.Tests.MustChangePasswordMiddlewareTests.Unauthenticated_requests_pass_through_untouched" computerName="Gigis-MacBook-Air" duration="00:00:00.0009680" startTime="2026-08-08T23:38:15.4928100+04:00" endTime="2026-08-08T23:38:15.4928100+04:00" testType="13cdc9d9-ddb5-4fa4-a97d-d965ccfc6d4b" outcome="Passed" testListId="8c84fa94-04c1-424b-9868-57a2d4851a1d" relativeResultsDirectory="8a5d916f-fcd5-4f53-9a2a-37fc414a775d" />
    <UnitTestResult executionId="e5d6fd11-e98f-4052-bff5-7964fa5be834" testId="cd38539d-7ac6-05bf-0d85-9ce188647a3d" testName="SeeSight.Gateway.Tests.GatewayHasNoBusinessLogicTests.Gateway_does_not_depend_on_any_service_business_logic(forbiddenAssembly: &quot;SeeSight.Identity.Api&quot;)" computerName="Gigis-MacBook-Air" duration="00:00:00.0059675" startTime="2026-08-08T23:38:15.5297470+04:00" endTime="2026-08-08T23:38:15.5297470+04:00" testType="13cdc9d9-ddb5-4fa4-a97d-d965ccfc6d4b" outcome="Passed" testListId="8c84fa94-04c1-424b-9868-57a2d4851a1d" relativeResultsDirectory="e5d6fd11-e98f-4052-bff5-7964fa5be834" />
    <UnitTestResult executionId="69032974-e0d2-4b68-b141-bf763ead4cbf" testId="3917098a-ca54-3cb2-2f9b-5d642340601d" testName="SeeSight.Gateway.Tests.RedisRateLimitMiddlewareTests.Redis_errors_fail_open_and_allow_the_request_through" computerName="Gigis-MacBook-Air" duration="00:00:00.0941445" startTime="2026-08-08T23:38:15.5689820+04:00" endTime="2026-08-08T23:38:15.5689820+04:00" testType="13cdc9d9-ddb5-4fa4-a97d-d965ccfc6d4b" outcome="Passed" testListId="8c84fa94-04c1-424b-9868-57a2d4851a1d" relativeResultsDirectory="69032974-e0d2-4b68-b141-bf763ead4cbf" />
    <UnitTestResult executionId="90ac1720-24e4-4a0b-b872-16ca3fba91e3" testId="c381df02-ff22-9490-61ce-b451fe969ed4" testName="SeeSight.Gateway.Tests.RedisRateLimitMiddlewareTests.Requests_under_the_limit_pass_through_and_set_expiry_on_the_first_request" computerName="Gigis-MacBook-Air" duration="00:00:00.0006366" startTime="2026-08-08T23:38:15.5759110+04:00" endTime="2026-08-08T23:38:15.5759110+04:00" testType="13cdc9d9-ddb5-4fa4-a97d-d965ccfc6d4b" outcome="Passed" testListId="8c84fa94-04c1-424b-9868-57a2d4851a1d" relativeResultsDirectory="90ac1720-24e4-4a0b-b872-16ca3fba91e3" />
    <UnitTestResult executionId="15a74995-9dc2-48b5-a5e8-2d0a784211ba" testId="09058c1f-58f3-891a-8d72-45e7cab4a374" testName="SeeSight.Gateway.Tests.RedisRateLimitMiddlewareTests.Requests_beyond_the_window_limit_are_rejected_with_429" computerName="Gigis-MacBook-Air" duration="00:00:00.0011875" startTime="2026-08-08T23:38:15.5714750+04:00" endTime="2026-08-08T23:38:15.5714750+04:00" testType="13cdc9d9-ddb5-4fa4-a97d-d965ccfc6d4b" outcome="Passed" testListId="8c84fa94-04c1-424b-9868-57a2d4851a1d" relativeResultsDirectory="15a74995-9dc2-48b5-a5e8-2d0a784211ba" />
    <UnitTestResult executionId="7318b040-0b78-43c0-bc05-d2f102eac6e7" testId="0e43a8a8-0d52-1a71-9fea-004cb79e5fe5" testName="SeeSight.Gateway.Tests.RedisRateLimitMiddlewareTests.Requests_to_unlimited_paths_pass_through_without_touching_redis" computerName="Gigis-MacBook-Air" duration="00:00:00.0010008" startTime="2026-08-08T23:38:15.5700140+04:00" endTime="2026-08-08T23:38:15.5700140+04:00" testType="13cdc9d9-ddb5-4fa4-a97d-d965ccfc6d4b" outcome="Passed" testListId="8c84fa94-04c1-424b-9868-57a2d4851a1d" relativeResultsDirectory="7318b040-0b78-43c0-bc05-d2f102eac6e7" />
    <UnitTestResult executionId="7d5db704-12d4-434b-ba43-48c12729fc81" testId="4399ff85-479f-299a-0b3e-381e24b0fcd7" testName="SeeSight.Gateway.Tests.MustChangePasswordMiddlewareTests.MustChangePassword_users_are_blocked_from_other_paths_with_403" computerName="Gigis-MacBook-Air" duration="00:00:00.0086012" startTime="2026-08-08T23:38:15.4961620+04:00" endTime="2026-08-08T23:38:15.4961620+04:00" testType="13cdc9d9-ddb5-4fa4-a97d-d965ccfc6d4b" outcome="Passed" testListId="8c84fa94-04c1-424b-9868-57a2d4851a1d" relativeResultsDirectory="7d5db704-12d4-434b-ba43-48c12729fc81" />
    <UnitTestResult executionId="1995d61d-dfcd-416b-a5da-445e53865b0c" testId="17961463-4f6a-26bb-c7b3-5072aef3593a" testName="SeeSight.Gateway.Tests.MustChangePasswordMiddlewareTests.MustChangePassword_users_may_reach_allowlisted_paths(path: &quot;/auth/me&quot;)" computerName="Gigis-MacBook-Air" duration="00:00:00.0000035" startTime="2026-08-08T23:38:15.4925870+04:00" endTime="2026-08-08T23:38:15.4925870+04:00" testType="13cdc9d9-ddb5-4fa4-a97d-d965ccfc6d4b" outcome="Passed" testListId="8c84fa94-04c1-424b-9868-57a2d4851a1d" relativeResultsDirectory="1995d61d-dfcd-416b-a5da-445e53865b0c" />
    <UnitTestResult executionId="f12fb030-5272-44d7-b8a4-e8022b1d4d45" testId="4ec33a3c-e051-b00e-fb34-0c7491502452" testName="SeeSight.Gateway.Tests.GatewayHasNoBusinessLogicTests.Gateway_only_references_the_shared_libraries_allowed_by_ProjectReferenceDiagram" computerName="Gigis-MacBook-Air" duration="00:00:00.0409708" startTime="2026-08-08T23:38:15.5168010+04:00" endTime="2026-08-08T23:38:15.5168010+04:00" testType="13cdc9d9-ddb5-4fa4-a97d-d965ccfc6d4b" outcome="Passed" testListId="8c84fa94-04c1-424b-9868-57a2d4851a1d" relativeResultsDirectory="f12fb030-5272-44d7-b8a4-e8022b1d4d45" />
    <UnitTestResult executionId="61612be8-00bb-42ea-b32c-4fcd04b7e0d2" testId="d8414da4-9bf6-45b0-4f66-882f9527ecdc" testName="SeeSight.Gateway.Tests.GatewayHasNoBusinessLogicTests.Gateway_does_not_depend_on_any_service_business_logic(forbiddenAssembly: &quot;SeeSight.Identity.Domain&quot;)" computerName="Gigis-MacBook-Air" duration="00:00:00.0023234" startTime="2026-08-08T23:38:15.5190870+04:00" endTime="2026-08-08T23:38:15.5190870+04:00" testType="13cdc9d9-ddb5-4fa4-a97d-d965ccfc6d4b" outcome="Passed" testListId="8c84fa94-04c1-424b-9868-57a2d4851a1d" relativeResultsDirectory="61612be8-00bb-42ea-b32c-4fcd04b7e0d2" />
    <UnitTestResult executionId="4da6e230-8d1c-4600-9b7d-cfbe08ed20b8" testId="be190615-b750-b268-0aa7-6463d1324f8d" testName="SeeSight.Gateway.Tests.MustChangePasswordMiddlewareTests.MustChangePassword_users_may_reach_allowlisted_paths(path: &quot;/auth/refresh&quot;)" computerName="Gigis-MacBook-Air" duration="00:00:00.0000055" startTime="2026-08-08T23:38:15.4924750+04:00" endTime="2026-08-08T23:38:15.4924750+04:00" testType="13cdc9d9-ddb5-4fa4-a97d-d965ccfc6d4b" outcome="Passed" testListId="8c84fa94-04c1-424b-9868-57a2d4851a1d" relativeResultsDirectory="4da6e230-8d1c-4600-9b7d-cfbe08ed20b8" />
    <UnitTestResult executionId="01747cec-381c-4a67-bb79-a4879670a962" testId="f8bac8fc-1332-cf02-9462-954fc1606f25" testName="SeeSight.Gateway.Tests.MustChangePasswordMiddlewareTests.Authenticated_requests_with_MustChangePassword_false_pass_through" computerName="Gigis-MacBook-Air" duration="00:00:00.0001455" startTime="2026-08-08T23:38:15.4997770+04:00" endTime="2026-08-08T23:38:15.4997770+04:00" testType="13cdc9d9-ddb5-4fa4-a97d-d965ccfc6d4b" outcome="Passed" testListId="8c84fa94-04c1-424b-9868-57a2d4851a1d" relativeResultsDirectory="01747cec-381c-4a67-bb79-a4879670a962" />
    <UnitTestResult executionId="4f63a2c5-6b4c-4da5-943e-b1585d6e786f" testId="db2bfe79-4140-6502-cbe9-1372d8013d89" testName="SeeSight.Gateway.Tests.MustChangePasswordMiddlewareTests.Authenticated_requests_without_the_claim_pass_through" computerName="Gigis-MacBook-Air" duration="00:00:00.0001566" startTime="2026-08-08T23:38:15.4927020+04:00" endTime="2026-08-08T23:38:15.4927020+04:00" testType="13cdc9d9-ddb5-4fa4-a97d-d965ccfc6d4b" outcome="Passed" testListId="8c84fa94-04c1-424b-9868-57a2d4851a1d" relativeResultsDirectory="4f63a2c5-6b4c-4da5-943e-b1585d6e786f" />
    <UnitTestResult executionId="8a95d2ea-7086-422b-8861-0ad99abe2031" testId="3fe278b4-98dc-70ee-8a68-49dac169774f" testName="SeeSight.Gateway.Tests.MustChangePasswordMiddlewareTests.MustChangePassword_users_may_reach_allowlisted_paths(path: &quot;/auth/logout&quot;)" computerName="Gigis-MacBook-Air" duration="00:00:00.0097668" startTime="2026-08-08T23:38:15.4868830+04:00" endTime="2026-08-08T23:38:15.4869160+04:00" testType="13cdc9d9-ddb5-4fa4-a97d-d965ccfc6d4b" outcome="Passed" testListId="8c84fa94-04c1-424b-9868-57a2d4851a1d" relativeResultsDirectory="8a95d2ea-7086-422b-8861-0ad99abe2031" />
    <UnitTestResult executionId="3071e8f4-6e22-4873-b0e8-c7f8ac1939b7" testId="669b75aa-1ff0-c313-f8ac-69391484d497" testName="SeeSight.Gateway.Tests.GatewayHasNoBusinessLogicTests.Gateway_does_not_depend_on_any_service_business_logic(forbiddenAssembly: &quot;SeeSight.Identity.Application&quot;)" computerName="Gigis-MacBook-Air" duration="00:00:00.0022856" startTime="2026-08-08T23:38:15.5213830+04:00" endTime="2026-08-08T23:38:15.5213830+04:00" testType="13cdc9d9-ddb5-4fa4-a97d-d965ccfc6d4b" outcome="Passed" testListId="8c84fa94-04c1-424b-9868-57a2d4851a1d" relativeResultsDirectory="3071e8f4-6e22-4873-b0e8-c7f8ac1939b7" />
    <UnitTestResult executionId="0329d82c-832c-4937-85cb-a80bec1e06b0" testId="bf3b37a5-5b2f-88da-80d3-2024bb7ff4ea" testName="SeeSight.Gateway.Tests.RedisRateLimitMiddlewareTests.GET_requests_to_a_limited_path_are_not_rate_limited" computerName="Gigis-MacBook-Air" duration="00:00:00.0002414" startTime="2026-08-08T23:38:15.5702700+04:00" endTime="2026-08-08T23:38:15.5702700+04:00" testType="13cdc9d9-ddb5-4fa4-a97d-d965ccfc6d4b" outcome="Passed" testListId="8c84fa94-04c1-424b-9868-57a2d4851a1d" relativeResultsDirectory="0329d82c-832c-4937-85cb-a80bec1e06b0" />
    <UnitTestResult executionId="23c195f1-f352-442c-b5ef-9458bf697232" testId="d2d8cec8-3f77-4cdd-c3c2-f6cce058c362" testName="SeeSight.Gateway.Tests.GatewayHasNoBusinessLogicTests.Gateway_does_not_depend_on_any_service_business_logic(forbiddenAssembly: &quot;SeeSight.Identity.Infrastructure&quot;)" computerName="Gigis-MacBook-Air" duration="00:00:00.0023586" startTime="2026-08-08T23:38:15.5237540+04:00" endTime="2026-08-08T23:38:15.5237540+04:00" testType="13cdc9d9-ddb5-4fa4-a97d-d965ccfc6d4b" outcome="Passed" testListId="8c84fa94-04c1-424b-9868-57a2d4851a1d" relativeResultsDirectory="23c195f1-f352-442c-b5ef-9458bf697232" />
    <UnitTestResult executionId="da0762a8-e547-419e-aad6-130a78d98920" testId="fda098d1-9d17-c170-0c6e-b03baf238aea" testName="SeeSight.Gateway.Tests.MustChangePasswordMiddlewareTests.MustChangePassword_users_may_reach_allowlisted_paths(path: &quot;/auth/change-password&quot;)" computerName="Gigis-MacBook-Air" duration="00:00:00.0000773" startTime="2026-08-08T23:38:15.4922170+04:00" endTime="2026-08-08T23:38:15.4922170+04:00" testType="13cdc9d9-ddb5-4fa4-a97d-d965ccfc6d4b" outcome="Passed" testListId="8c84fa94-04c1-424b-9868-57a2d4851a1d" relativeResultsDirectory="da0762a8-e547-419e-aad6-130a78d98920" />
    <UnitTestResult executionId="1e51eb01-e235-4420-8233-ffa7b8dc3e3a" testId="a55ed11d-f0dc-8ac3-2075-421136e4e472" testName="SeeSight.Gateway.Tests.RedisRateLimitMiddlewareTests.Redis_errors_increment_the_fail_open_metric" computerName="Gigis-MacBook-Air" duration="00:00:00.0037710" startTime="2026-08-08T23:38:15.5752570+04:00" endTime="2026-08-08T23:38:15.5752570+04:00" testType="13cdc9d9-ddb5-4fa4-a97d-d965ccfc6d4b" outcome="Passed" testListId="8c84fa94-04c1-424b-9868-57a2d4851a1d" relativeResultsDirectory="1e51eb01-e235-4420-8233-ffa7b8dc3e3a" />
  </Results>
  <TestDefinitions>
    <UnitTest name="SeeSight.Gateway.Tests.MustChangePasswordMiddlewareTests.MustChangePassword_users_may_reach_allowlisted_paths(path: &quot;/auth/change-password&quot;)" storage="/users/gigi/desktop/seesight .net/tests/gateway/seesight.gateway.tests/bin/release/net9.0/seesight.gateway.tests.dll" id="fda098d1-9d17-c170-0c6e-b03baf238aea">
      <Execution id="da0762a8-e547-419e-aad6-130a78d98920" />
      <TestMethod codeBase="/Users/gigi/Desktop/Seesight .net/tests/Gateway/SeeSight.Gateway.Tests/bin/Release/net9.0/SeeSight.Gateway.Tests.dll" adapterTypeName="executor://xunit/VsTestRunner2/netcoreapp" className="SeeSight.Gateway.Tests.MustChangePasswordMiddlewareTests" name="MustChangePassword_users_may_reach_allowlisted_paths" />
    </UnitTest>
    <UnitTest name="SeeSight.Gateway.Tests.RedisRateLimitMiddlewareTests.Requests_beyond_the_window_limit_are_rejected_with_429" storage="/users/gigi/desktop/seesight .net/tests/gateway/seesight.gateway.tests/bin/release/net9.0/seesight.gateway.tests.dll" id="09058c1f-58f3-891a-8d72-45e7cab4a374">
      <Execution id="15a74995-9dc2-48b5-a5e8-2d0a784211ba" />
      <TestMethod codeBase="/Users/gigi/Desktop/Seesight .net/tests/Gateway/SeeSight.Gateway.Tests/bin/Release/net9.0/SeeSight.Gateway.Tests.dll" adapterTypeName="executor://xunit/VsTestRunner2/netcoreapp" className="SeeSight.Gateway.Tests.RedisRateLimitMiddlewareTests" name="Requests_beyond_the_window_limit_are_rejected_with_429" />
    </UnitTest>
    <UnitTest name="SeeSight.Gateway.Tests.MustChangePasswordMiddlewareTests.MustChangePassword_users_may_reach_allowlisted_paths(path: &quot;/auth/me&quot;)" storage="/users/gigi/desktop/seesight .net/tests/gateway/seesight.gateway.tests/bin/release/net9.0/seesight.gateway.tests.dll" id="17961463-4f6a-26bb-c7b3-5072aef3593a">
      <Execution id="1995d61d-dfcd-416b-a5da-445e53865b0c" />
      <TestMethod codeBase="/Users/gigi/Desktop/Seesight .net/tests/Gateway/SeeSight.Gateway.Tests/bin/Release/net9.0/SeeSight.Gateway.Tests.dll" adapterTypeName="executor://xunit/VsTestRunner2/netcoreapp" className="SeeSight.Gateway.Tests.MustChangePasswordMiddlewareTests" name="MustChangePassword_users_may_reach_allowlisted_paths" />
    </UnitTest>
    <UnitTest name="SeeSight.Gateway.Tests.RedisRateLimitMiddlewareTests.Requests_to_unlimited_paths_pass_through_without_touching_redis" storage="/users/gigi/desktop/seesight .net/tests/gateway/seesight.gateway.tests/bin/release/net9.0/seesight.gateway.tests.dll" id="0e43a8a8-0d52-1a71-9fea-004cb79e5fe5">
      <Execution id="7318b040-0b78-43c0-bc05-d2f102eac6e7" />
      <TestMethod codeBase="/Users/gigi/Desktop/Seesight .net/tests/Gateway/SeeSight.Gateway.Tests/bin/Release/net9.0/SeeSight.Gateway.Tests.dll" adapterTypeName="executor://xunit/VsTestRunner2/netcoreapp" className="SeeSight.Gateway.Tests.RedisRateLimitMiddlewareTests" name="Requests_to_unlimited_paths_pass_through_without_touching_redis" />
    </UnitTest>
    <UnitTest name="SeeSight.Gateway.Tests.RedisRateLimitMiddlewareTests.Redis_errors_increment_the_fail_open_metric" storage="/users/gigi/desktop/seesight .net/tests/gateway/seesight.gateway.tests/bin/release/net9.0/seesight.gateway.tests.dll" id="a55ed11d-f0dc-8ac3-2075-421136e4e472">
      <Execution id="1e51eb01-e235-4420-8233-ffa7b8dc3e3a" />
      <TestMethod codeBase="/Users/gigi/Desktop/Seesight .net/tests/Gateway/SeeSight.Gateway.Tests/bin/Release/net9.0/SeeSight.Gateway.Tests.dll" adapterTypeName="executor://xunit/VsTestRunner2/netcoreapp" className="SeeSight.Gateway.Tests.RedisRateLimitMiddlewareTests" name="Redis_errors_increment_the_fail_open_metric" />
    </UnitTest>
    <UnitTest name="SeeSight.Gateway.Tests.MustChangePasswordMiddlewareTests.Authenticated_requests_without_the_claim_pass_through" storage="/users/gigi/desktop/seesight .net/tests/gateway/seesight.gateway.tests/bin/release/net9.0/seesight.gateway.tests.dll" id="db2bfe79-4140-6502-cbe9-1372d8013d89">
      <Execution id="4f63a2c5-6b4c-4da5-943e-b1585d6e786f" />
      <TestMethod codeBase="/Users/gigi/Desktop/Seesight .net/tests/Gateway/SeeSight.Gateway.Tests/bin/Release/net9.0/SeeSight.Gateway.Tests.dll" adapterTypeName="executor://xunit/VsTestRunner2/netcoreapp" className="SeeSight.Gateway.Tests.MustChangePasswordMiddlewareTests" name="Authenticated_requests_without_the_claim_pass_through" />
    </UnitTest>
    <UnitTest name="SeeSight.Gateway.Tests.MustChangePasswordMiddlewareTests.MustChangePassword_users_may_reach_allowlisted_paths(path: &quot;/auth/logout&quot;)" storage="/users/gigi/desktop/seesight .net/tests/gateway/seesight.gateway.tests/bin/release/net9.0/seesight.gateway.tests.dll" id="3fe278b4-98dc-70ee-8a68-49dac169774f">
      <Execution id="8a95d2ea-7086-422b-8861-0ad99abe2031" />
      <TestMethod codeBase="/Users/gigi/Desktop/Seesight .net/tests/Gateway/SeeSight.Gateway.Tests/bin/Release/net9.0/SeeSight.Gateway.Tests.dll" adapterTypeName="executor://xunit/VsTestRunner2/netcoreapp" className="SeeSight.Gateway.Tests.MustChangePasswordMiddlewareTests" name="MustChangePassword_users_may_reach_allowlisted_paths" />
    </UnitTest>
    <UnitTest name="SeeSight.Gateway.Tests.GatewayHasNoBusinessLogicTests.Gateway_does_not_depend_on_any_service_business_logic(forbiddenAssembly: &quot;SeeSight.Identity.Domain&quot;)" storage="/users/gigi/desktop/seesight .net/tests/gateway/seesight.gateway.tests/bin/release/net9.0/seesight.gateway.tests.dll" id="d8414da4-9bf6-45b0-4f66-882f9527ecdc">
      <Execution id="61612be8-00bb-42ea-b32c-4fcd04b7e0d2" />
      <TestMethod codeBase="/Users/gigi/Desktop/Seesight .net/tests/Gateway/SeeSight.Gateway.Tests/bin/Release/net9.0/SeeSight.Gateway.Tests.dll" adapterTypeName="executor://xunit/VsTestRunner2/netcoreapp" className="SeeSight.Gateway.Tests.GatewayHasNoBusinessLogicTests" name="Gateway_does_not_depend_on_any_service_business_logic" />
    </UnitTest>
    <UnitTest name="SeeSight.Gateway.Tests.GatewayHasNoBusinessLogicTests.Gateway_does_not_depend_on_any_service_business_logic(forbiddenAssembly: &quot;SeeSight.Identity.Application&quot;)" storage="/users/gigi/desktop/seesight .net/tests/gateway/seesight.gateway.tests/bin/release/net9.0/seesight.gateway.tests.dll" id="669b75aa-1ff0-c313-f8ac-69391484d497">
      <Execution id="3071e8f4-6e22-4873-b0e8-c7f8ac1939b7" />
      <TestMethod codeBase="/Users/gigi/Desktop/Seesight .net/tests/Gateway/SeeSight.Gateway.Tests/bin/Release/net9.0/SeeSight.Gateway.Tests.dll" adapterTypeName="executor://xunit/VsTestRunner2/netcoreapp" className="SeeSight.Gateway.Tests.GatewayHasNoBusinessLogicTests" name="Gateway_does_not_depend_on_any_service_business_logic" />
    </UnitTest>
    <UnitTest name="SeeSight.Gateway.Tests.RedisRateLimitMiddlewareTests.GET_requests_to_a_limited_path_are_not_rate_limited" storage="/users/gigi/desktop/seesight .net/tests/gateway/seesight.gateway.tests/bin/release/net9.0/seesight.gateway.tests.dll" id="bf3b37a5-5b2f-88da-80d3-2024bb7ff4ea">
      <Execution id="0329d82c-832c-4937-85cb-a80bec1e06b0" />
      <TestMethod codeBase="/Users/gigi/Desktop/Seesight .net/tests/Gateway/SeeSight.Gateway.Tests/bin/Release/net9.0/SeeSight.Gateway.Tests.dll" adapterTypeName="executor://xunit/VsTestRunner2/netcoreapp" className="SeeSight.Gateway.Tests.RedisRateLimitMiddlewareTests" name="GET_requests_to_a_limited_path_are_not_rate_limited" />
    </UnitTest>
    <UnitTest name="SeeSight.Gateway.Tests.GatewayHasNoBusinessLogicTests.Gateway_does_not_depend_on_any_service_business_logic(forbiddenAssembly: &quot;SeeSight.Identity.Api&quot;)" storage="/users/gigi/desktop/seesight .net/tests/gateway/seesight.gateway.tests/bin/release/net9.0/seesight.gateway.tests.dll" id="cd38539d-7ac6-05bf-0d85-9ce188647a3d">
      <Execution id="e5d6fd11-e98f-4052-bff5-7964fa5be834" />
      <TestMethod codeBase="/Users/gigi/Desktop/Seesight .net/tests/Gateway/SeeSight.Gateway.Tests/bin/Release/net9.0/SeeSight.Gateway.Tests.dll" adapterTypeName="executor://xunit/VsTestRunner2/netcoreapp" className="SeeSight.Gateway.Tests.GatewayHasNoBusinessLogicTests" name="Gateway_does_not_depend_on_any_service_business_logic" />
    </UnitTest>
    <UnitTest name="SeeSight.Gateway.Tests.RedisRateLimitMiddlewareTests.Redis_errors_fail_open_and_allow_the_request_through" storage="/users/gigi/desktop/seesight .net/tests/gateway/seesight.gateway.tests/bin/release/net9.0/seesight.gateway.tests.dll" id="3917098a-ca54-3cb2-2f9b-5d642340601d">
      <Execution id="69032974-e0d2-4b68-b141-bf763ead4cbf" />
      <TestMethod codeBase="/Users/gigi/Desktop/Seesight .net/tests/Gateway/SeeSight.Gateway.Tests/bin/Release/net9.0/SeeSight.Gateway.Tests.dll" adapterTypeName="executor://xunit/VsTestRunner2/netcoreapp" className="SeeSight.Gateway.Tests.RedisRateLimitMiddlewareTests" name="Redis_errors_fail_open_and_allow_the_request_through" />
    </UnitTest>
    <UnitTest name="SeeSight.Gateway.Tests.MustChangePasswordMiddlewareTests.Unauthenticated_requests_pass_through_untouched" storage="/users/gigi/desktop/seesight .net/tests/gateway/seesight.gateway.tests/bin/release/net9.0/seesight.gateway.tests.dll" id="83662f9d-98a4-83c6-620c-7697c54c7324">
      <Execution id="8a5d916f-fcd5-4f53-9a2a-37fc414a775d" />
      <TestMethod codeBase="/Users/gigi/Desktop/Seesight .net/tests/Gateway/SeeSight.Gateway.Tests/bin/Release/net9.0/SeeSight.Gateway.Tests.dll" adapterTypeName="executor://xunit/VsTestRunner2/netcoreapp" className="SeeSight.Gateway.Tests.MustChangePasswordMiddlewareTests" name="Unauthenticated_requests_pass_through_untouched" />
    </UnitTest>
    <UnitTest name="SeeSight.Gateway.Tests.GatewayHasNoBusinessLogicTests.Gateway_only_references_the_shared_libraries_allowed_by_ProjectReferenceDiagram" storage="/users/gigi/desktop/seesight .net/tests/gateway/seesight.gateway.tests/bin/release/net9.0/seesight.gateway.tests.dll" id="4ec33a3c-e051-b00e-fb34-0c7491502452">
      <Execution id="f12fb030-5272-44d7-b8a4-e8022b1d4d45" />
      <TestMethod codeBase="/Users/gigi/Desktop/Seesight .net/tests/Gateway/SeeSight.Gateway.Tests/bin/Release/net9.0/SeeSight.Gateway.Tests.dll" adapterTypeName="executor://xunit/VsTestRunner2/netcoreapp" className="SeeSight.Gateway.Tests.GatewayHasNoBusinessLogicTests" name="Gateway_only_references_the_shared_libraries_allowed_by_ProjectReferenceDiagram" />
    </UnitTest>
    <UnitTest name="SeeSight.Gateway.Tests.MustChangePasswordMiddlewareTests.MustChangePassword_users_are_blocked_from_other_paths_with_403" storage="/users/gigi/desktop/seesight .net/tests/gateway/seesight.gateway.tests/bin/release/net9.0/seesight.gateway.tests.dll" id="4399ff85-479f-299a-0b3e-381e24b0fcd7">
      <Execution id="7d5db704-12d4-434b-ba43-48c12729fc81" />
      <TestMethod codeBase="/Users/gigi/Desktop/Seesight .net/tests/Gateway/SeeSight.Gateway.Tests/bin/Release/net9.0/SeeSight.Gateway.Tests.dll" adapterTypeName="executor://xunit/VsTestRunner2/netcoreapp" className="SeeSight.Gateway.Tests.MustChangePasswordMiddlewareTests" name="MustChangePassword_users_are_blocked_from_other_paths_with_403" />
    </UnitTest>
    <UnitTest name="SeeSight.Gateway.Tests.MustChangePasswordMiddlewareTests.Authenticated_requests_with_MustChangePassword_false_pass_through" storage="/users/gigi/desktop/seesight .net/tests/gateway/seesight.gateway.tests/bin/release/net9.0/seesight.gateway.tests.dll" id="f8bac8fc-1332-cf02-9462-954fc1606f25">
      <Execution id="01747cec-381c-4a67-bb79-a4879670a962" />
      <TestMethod codeBase="/Users/gigi/Desktop/Seesight .net/tests/Gateway/SeeSight.Gateway.Tests/bin/Release/net9.0/SeeSight.Gateway.Tests.dll" adapterTypeName="executor://xunit/VsTestRunner2/netcoreapp" className="SeeSight.Gateway.Tests.MustChangePasswordMiddlewareTests" name="Authenticated_requests_with_MustChangePassword_false_pass_through" />
    </UnitTest>
    <UnitTest name="SeeSight.Gateway.Tests.MustChangePasswordMiddlewareTests.MustChangePassword_users_may_reach_allowlisted_paths(path: &quot;/auth/refresh&quot;)" storage="/users/gigi/desktop/seesight .net/tests/gateway/seesight.gateway.tests/bin/release/net9.0/seesight.gateway.tests.dll" id="be190615-b750-b268-0aa7-6463d1324f8d">
      <Execution id="4da6e230-8d1c-4600-9b7d-cfbe08ed20b8" />
      <TestMethod codeBase="/Users/gigi/Desktop/Seesight .net/tests/Gateway/SeeSight.Gateway.Tests/bin/Release/net9.0/SeeSight.Gateway.Tests.dll" adapterTypeName="executor://xunit/VsTestRunner2/netcoreapp" className="SeeSight.Gateway.Tests.MustChangePasswordMiddlewareTests" name="MustChangePassword_users_may_reach_allowlisted_paths" />
    </UnitTest>
    <UnitTest name="SeeSight.Gateway.Tests.GatewayHasNoBusinessLogicTests.Gateway_does_not_depend_on_any_service_business_logic(forbiddenAssembly: &quot;SeeSight.Identity.Infrastructure&quot;)" storage="/users/gigi/desktop/seesight .net/tests/gateway/seesight.gateway.tests/bin/release/net9.0/seesight.gateway.tests.dll" id="d2d8cec8-3f77-4cdd-c3c2-f6cce058c362">
      <Execution id="23c195f1-f352-442c-b5ef-9458bf697232" />
      <TestMethod codeBase="/Users/gigi/Desktop/Seesight .net/tests/Gateway/SeeSight.Gateway.Tests/bin/Release/net9.0/SeeSight.Gateway.Tests.dll" adapterTypeName="executor://xunit/VsTestRunner2/netcoreapp" className="SeeSight.Gateway.Tests.GatewayHasNoBusinessLogicTests" name="Gateway_does_not_depend_on_any_service_business_logic" />
    </UnitTest>
    <UnitTest name="SeeSight.Gateway.Tests.RedisRateLimitMiddlewareTests.Requests_under_the_limit_pass_through_and_set_expiry_on_the_first_request" storage="/users/gigi/desktop/seesight .net/tests/gateway/seesight.gateway.tests/bin/release/net9.0/seesight.gateway.tests.dll" id="c381df02-ff22-9490-61ce-b451fe969ed4">
      <Execution id="90ac1720-24e4-4a0b-b872-16ca3fba91e3" />
      <TestMethod codeBase="/Users/gigi/Desktop/Seesight .net/tests/Gateway/SeeSight.Gateway.Tests/bin/Release/net9.0/SeeSight.Gateway.Tests.dll" adapterTypeName="executor://xunit/VsTestRunner2/netcoreapp" className="SeeSight.Gateway.Tests.RedisRateLimitMiddlewareTests" name="Requests_under_the_limit_pass_through_and_set_expiry_on_the_first_request" />
    </UnitTest>
  </TestDefinitions>
  <TestEntries>
    <TestEntry testId="83662f9d-98a4-83c6-620c-7697c54c7324" executionId="8a5d916f-fcd5-4f53-9a2a-37fc414a775d" testListId="8c84fa94-04c1-424b-9868-57a2d4851a1d" />
    <TestEntry testId="cd38539d-7ac6-05bf-0d85-9ce188647a3d" executionId="e5d6fd11-e98f-4052-bff5-7964fa5be834" testListId="8c84fa94-04c1-424b-9868-57a2d4851a1d" />
    <TestEntry testId="3917098a-ca54-3cb2-2f9b-5d642340601d" executionId="69032974-e0d2-4b68-b141-bf763ead4cbf" testListId="8c84fa94-04c1-424b-9868-57a2d4851a1d" />
    <TestEntry testId="c381df02-ff22-9490-61ce-b451fe969ed4" executionId="90ac1720-24e4-4a0b-b872-16ca3fba91e3" testListId="8c84fa94-04c1-424b-9868-57a2d4851a1d" />
    <TestEntry testId="09058c1f-58f3-891a-8d72-45e7cab4a374" executionId="15a74995-9dc2-48b5-a5e8-2d0a784211ba" testListId="8c84fa94-04c1-424b-9868-57a2d4851a1d" />
    <TestEntry testId="0e43a8a8-0d52-1a71-9fea-004cb79e5fe5" executionId="7318b040-0b78-43c0-bc05-d2f102eac6e7" testListId="8c84fa94-04c1-424b-9868-57a2d4851a1d" />
    <TestEntry testId="4399ff85-479f-299a-0b3e-381e24b0fcd7" executionId="7d5db704-12d4-434b-ba43-48c12729fc81" testListId="8c84fa94-04c1-424b-9868-57a2d4851a1d" />
    <TestEntry testId="17961463-4f6a-26bb-c7b3-5072aef3593a" executionId="1995d61d-dfcd-416b-a5da-445e53865b0c" testListId="8c84fa94-04c1-424b-9868-57a2d4851a1d" />
    <TestEntry testId="4ec33a3c-e051-b00e-fb34-0c7491502452" executionId="f12fb030-5272-44d7-b8a4-e8022b1d4d45" testListId="8c84fa94-04c1-424b-9868-57a2d4851a1d" />
    <TestEntry testId="d8414da4-9bf6-45b0-4f66-882f9527ecdc" executionId="61612be8-00bb-42ea-b32c-4fcd04b7e0d2" testListId="8c84fa94-04c1-424b-9868-57a2d4851a1d" />
    <TestEntry testId="be190615-b750-b268-0aa7-6463d1324f8d" executionId="4da6e230-8d1c-4600-9b7d-cfbe08ed20b8" testListId="8c84fa94-04c1-424b-9868-57a2d4851a1d" />
    <TestEntry testId="f8bac8fc-1332-cf02-9462-954fc1606f25" executionId="01747cec-381c-4a67-bb79-a4879670a962" testListId="8c84fa94-04c1-424b-9868-57a2d4851a1d" />
    <TestEntry testId="db2bfe79-4140-6502-cbe9-1372d8013d89" executionId="4f63a2c5-6b4c-4da5-943e-b1585d6e786f" testListId="8c84fa94-04c1-424b-9868-57a2d4851a1d" />
    <TestEntry testId="3fe278b4-98dc-70ee-8a68-49dac169774f" executionId="8a95d2ea-7086-422b-8861-0ad99abe2031" testListId="8c84fa94-04c1-424b-9868-57a2d4851a1d" />
    <TestEntry testId="669b75aa-1ff0-c313-f8ac-69391484d497" executionId="3071e8f4-6e22-4873-b0e8-c7f8ac1939b7" testListId="8c84fa94-04c1-424b-9868-57a2d4851a1d" />
    <TestEntry testId="bf3b37a5-5b2f-88da-80d3-2024bb7ff4ea" executionId="0329d82c-832c-4937-85cb-a80bec1e06b0" testListId="8c84fa94-04c1-424b-9868-57a2d4851a1d" />
    <TestEntry testId="d2d8cec8-3f77-4cdd-c3c2-f6cce058c362" executionId="23c195f1-f352-442c-b5ef-9458bf697232" testListId="8c84fa94-04c1-424b-9868-57a2d4851a1d" />
    <TestEntry testId="fda098d1-9d17-c170-0c6e-b03baf238aea" executionId="da0762a8-e547-419e-aad6-130a78d98920" testListId="8c84fa94-04c1-424b-9868-57a2d4851a1d" />
    <TestEntry testId="a55ed11d-f0dc-8ac3-2075-421136e4e472" executionId="1e51eb01-e235-4420-8233-ffa7b8dc3e3a" testListId="8c84fa94-04c1-424b-9868-57a2d4851a1d" />
  </TestEntries>
  <TestLists>
    <TestList name="Results Not in a List" id="8c84fa94-04c1-424b-9868-57a2d4851a1d" />
    <TestList name="All Loaded Results" id="19431567-8539-422a-85d7-44ee4e166bda" />
  </TestLists>
  <ResultSummary outcome="Completed">
    <Counters total="19" executed="19" passed="19" failed="0" error="0" timeout="0" aborted="0" inconclusive="0" passedButRunAborted="0" notRunnable="0" notExecuted="0" disconnected="0" warning="0" completed="0" inProgress="0" pending="0" />
    <Output>
      <StdOut>[xUnit.net 00:00:00.00] xUnit.net VSTest Adapter v2.8.2+699d445a1a (64-bit .NET 9.0.18)
[xUnit.net 00:00:00.03]   Discovering: SeeSight.Gateway.Tests
[xUnit.net 00:00:00.05]   Discovered:  SeeSight.Gateway.Tests
[xUnit.net 00:00:00.05]   Starting:    SeeSight.Gateway.Tests
[xUnit.net 00:00:00.16]   Finished:    SeeSight.Gateway.Tests
</StdOut>
    </Output>
    <CollectorDataEntries>
      <Collector agentName="Gigis-MacBook-Air" uri="datacollector://microsoft/CoverletCodeCoverage/1.0" collectorDisplayName="XPlat code coverage">
        <UriAttachments>
          <UriAttachment>
            <A href="Gigis-MacBook-Air/coverage.cobertura.xml"></A>
          </UriAttachment>
        </UriAttachments>
      </Collector>
    </CollectorDataEntries>
  </ResultSummary>
</TestRun>