<?xml version="1.0" encoding="utf-8"?>
<TestRun id="ffc9d23a-4cd8-430a-af58-a3c0507c42d3" name="@Gigis-MacBook-Air 2026-08-08 23:38:12" xmlns="http://microsoft.com/schemas/VisualStudio/TeamTest/2010">
  <Times creation="2026-08-08T23:38:12.7538030+04:00" queuing="2026-08-08T23:38:12.7538030+04:00" start="2026-08-08T23:38:12.1117070+04:00" finish="2026-08-08T23:38:12.8749840+04:00" />
  <TestSettings name="default" id="146ee7da-62c8-4803-b942-6aea20aa528c">
    <Deployment runDeploymentRoot="_Gigis-MacBook-Air_2026-08-08_23_38_12" />
  </TestSettings>
  <Results>
    <UnitTestResult executionId="abe393b6-8144-4d10-9aa5-0addf7d9c0ba" testId="c50c17af-538e-1811-0d18-23261d50926d" testName="SeeSight.Identity.ArchitectureTests.LayeringTests.Domain_does_not_depend_on_api" computerName="Gigis-MacBook-Air" duration="00:00:00.0006763" startTime="2026-08-08T23:38:12.7458520+04:00" endTime="2026-08-08T23:38:12.7458520+04:00" testType="13cdc9d9-ddb5-4fa4-a97d-d965ccfc6d4b" outcome="Passed" testListId="8c84fa94-04c1-424b-9868-57a2d4851a1d" relativeResultsDirectory="abe393b6-8144-4d10-9aa5-0addf7d9c0ba" />
    <UnitTestResult executionId="a5aafd93-0ecf-48b9-85a6-f3efd31cea0b" testId="9d9e58e3-ae3c-6e2a-d0bb-c1e17af66bad" testName="SeeSight.Identity.ArchitectureTests.LayeringTests.Application_does_not_depend_on_infrastructure" computerName="Gigis-MacBook-Air" duration="00:00:00.0037172" startTime="2026-08-08T23:38:12.7451700+04:00" endTime="2026-08-08T23:38:12.7451700+04:00" testType="13cdc9d9-ddb5-4fa4-a97d-d965ccfc6d4b" outcome="Passed" testListId="8c84fa94-04c1-424b-9868-57a2d4851a1d" relativeResultsDirectory="a5aafd93-0ecf-48b9-85a6-f3efd31cea0b" />
    <UnitTestResult executionId="d10f7800-30cd-4c8e-96c7-e6ee9bd29f07" testId="c5531dec-0eb4-cda6-d611-ecd75dd5dd94" testName="SeeSight.Identity.ArchitectureTests.LayeringTests.Application_has_no_provider_specific_infrastructure_dependency(forbiddenNamespace: &quot;Microsoft.IdentityModel&quot;)" computerName="Gigis-MacBook-Air" duration="00:00:00.0035609" startTime="2026-08-08T23:38:12.7220460+04:00" endTime="2026-08-08T23:38:12.7220460+04:00" testType="13cdc9d9-ddb5-4fa4-a97d-d965ccfc6d4b" outcome="Passed" testListId="8c84fa94-04c1-424b-9868-57a2d4851a1d" relativeResultsDirectory="d10f7800-30cd-4c8e-96c7-e6ee9bd29f07" />
    <UnitTestResult executionId="4cf810e0-a41f-475a-abae-3385a0cb63a6" testId="6d1361c2-c74e-32f2-2971-3824cebf891d" testName="SeeSight.Identity.ArchitectureTests.LayeringTests.Domain_has_no_framework_or_infrastructure_package_dependency(forbiddenNamespace: &quot;Microsoft.AspNetCore&quot;)" computerName="Gigis-MacBook-Air" duration="00:00:00.0006234" startTime="2026-08-08T23:38:12.7043490+04:00" endTime="2026-08-08T23:38:12.7043490+04:00" testType="13cdc9d9-ddb5-4fa4-a97d-d965ccfc6d4b" outcome="Passed" testListId="8c84fa94-04c1-424b-9868-57a2d4851a1d" relativeResultsDirectory="4cf810e0-a41f-475a-abae-3385a0cb63a6" />
    <UnitTestResult executionId="8ba36a42-bd80-4b84-9497-5f183dd10435" testId="49942088-d593-b144-7590-87769864c1bf" testName="SeeSight.Identity.ArchitectureTests.LayeringTests.Domain_has_no_framework_or_infrastructure_package_dependency(forbiddenNamespace: &quot;FluentValidation&quot;)" computerName="Gigis-MacBook-Air" duration="00:00:00.0009072" startTime="2026-08-08T23:38:12.7041110+04:00" endTime="2026-08-08T23:38:12.7041110+04:00" testType="13cdc9d9-ddb5-4fa4-a97d-d965ccfc6d4b" outcome="Passed" testListId="8c84fa94-04c1-424b-9868-57a2d4851a1d" relativeResultsDirectory="8ba36a42-bd80-4b84-9497-5f183dd10435" />
    <UnitTestResult executionId="05bbd0db-d711-4f20-b357-bbc3f6d640ed" testId="a34074e8-d514-6f9b-1dc7-aea8c5ad5b78" testName="SeeSight.Identity.ArchitectureTests.LayeringTests.Domain_does_not_depend_on_application" computerName="Gigis-MacBook-Air" duration="00:00:00.0006585" startTime="2026-08-08T23:38:12.7465190+04:00" endTime="2026-08-08T23:38:12.7465190+04:00" testType="13cdc9d9-ddb5-4fa4-a97d-d965ccfc6d4b" outcome="Passed" testListId="8c84fa94-04c1-424b-9868-57a2d4851a1d" relativeResultsDirectory="05bbd0db-d711-4f20-b357-bbc3f6d640ed" />
    <UnitTestResult executionId="ff3175c2-13bb-40f8-afc2-accb4625dbcc" testId="6a3f192a-a3c9-6275-ef58-93d2f2d56ea0" testName="SeeSight.Identity.ArchitectureTests.LayeringTests.Domain_does_not_depend_on_infrastructure" computerName="Gigis-MacBook-Air" duration="00:00:00.0006726" startTime="2026-08-08T23:38:12.7414330+04:00" endTime="2026-08-08T23:38:12.7414330+04:00" testType="13cdc9d9-ddb5-4fa4-a97d-d965ccfc6d4b" outcome="Passed" testListId="8c84fa94-04c1-424b-9868-57a2d4851a1d" relativeResultsDirectory="ff3175c2-13bb-40f8-afc2-accb4625dbcc" />
    <UnitTestResult executionId="1025a272-777c-47cb-8b54-25479d468a85" testId="fe57213a-e930-3b89-d84e-e892cb56e313" testName="SeeSight.Identity.ArchitectureTests.LayeringTests.Application_does_not_depend_on_api" computerName="Gigis-MacBook-Air" duration="00:00:00.0054859" startTime="2026-08-08T23:38:12.7377150+04:00" endTime="2026-08-08T23:38:12.7377150+04:00" testType="13cdc9d9-ddb5-4fa4-a97d-d965ccfc6d4b" outcome="Passed" testListId="8c84fa94-04c1-424b-9868-57a2d4851a1d" relativeResultsDirectory="1025a272-777c-47cb-8b54-25479d468a85" />
    <UnitTestResult executionId="1bea0308-41d0-4e8c-8763-00dab7273743" testId="94c169d5-d375-a577-aac9-e91fe1c96143" testName="SeeSight.Identity.ArchitectureTests.LayeringTests.Application_has_no_provider_specific_infrastructure_dependency(forbiddenNamespace: &quot;Microsoft.EntityFrameworkCore.Design&quot;)" computerName="Gigis-MacBook-Air" duration="00:00:00.0061211" startTime="2026-08-08T23:38:12.7184780+04:00" endTime="2026-08-08T23:38:12.7184780+04:00" testType="13cdc9d9-ddb5-4fa4-a97d-d965ccfc6d4b" outcome="Passed" testListId="8c84fa94-04c1-424b-9868-57a2d4851a1d" relativeResultsDirectory="1bea0308-41d0-4e8c-8763-00dab7273743" />
    <UnitTestResult executionId="1d574523-b129-41e7-b2c8-f9bb0d1d7e5a" testId="0da990c6-3992-2090-ee30-401909c1207e" testName="SeeSight.Identity.ArchitectureTests.LayeringTests.No_layer_depends_on_the_gateway" computerName="Gigis-MacBook-Air" duration="00:00:00.0100238" startTime="2026-08-08T23:38:12.7320940+04:00" endTime="2026-08-08T23:38:12.7320940+04:00" testType="13cdc9d9-ddb5-4fa4-a97d-d965ccfc6d4b" outcome="Passed" testListId="8c84fa94-04c1-424b-9868-57a2d4851a1d" relativeResultsDirectory="1d574523-b129-41e7-b2c8-f9bb0d1d7e5a" />
    <UnitTestResult executionId="865a41ee-b87b-4efa-84ce-434edb79c6ec" testId="d0cdb916-815a-9657-d132-12425d42b4e8" testName="SeeSight.Identity.ArchitectureTests.LayeringTests.Application_has_no_provider_specific_infrastructure_dependency(forbiddenNamespace: &quot;BCrypt&quot;)" computerName="Gigis-MacBook-Air" duration="00:00:00.0037515" startTime="2026-08-08T23:38:12.7123270+04:00" endTime="2026-08-08T23:38:12.7123270+04:00" testType="13cdc9d9-ddb5-4fa4-a97d-d965ccfc6d4b" outcome="Passed" testListId="8c84fa94-04c1-424b-9868-57a2d4851a1d" relativeResultsDirectory="865a41ee-b87b-4efa-84ce-434edb79c6ec" />
    <UnitTestResult executionId="c8c73ec1-c650-4a7a-85f8-257131a44fdb" testId="8176d54c-e2e4-6ea3-62b7-ef55695b452a" testName="SeeSight.Identity.ArchitectureTests.LayeringTests.Application_has_no_provider_specific_infrastructure_dependency(forbiddenNamespace: &quot;Npgsql&quot;)" computerName="Gigis-MacBook-Air" duration="00:00:00.0063581" startTime="2026-08-08T23:38:12.7085610+04:00" endTime="2026-08-08T23:38:12.7085610+04:00" testType="13cdc9d9-ddb5-4fa4-a97d-d965ccfc6d4b" outcome="Passed" testListId="8c84fa94-04c1-424b-9868-57a2d4851a1d" relativeResultsDirectory="c8c73ec1-c650-4a7a-85f8-257131a44fdb" />
    <UnitTestResult executionId="bef9f128-db73-487f-92b7-f5677f4547af" testId="56aed4cd-fabc-2086-10de-0f7053705bb9" testName="SeeSight.Identity.ArchitectureTests.LayeringTests.Domain_has_no_framework_or_infrastructure_package_dependency(forbiddenNamespace: &quot;Microsoft.EntityFrameworkCore&quot;)" computerName="Gigis-MacBook-Air" duration="00:00:00.0309360" startTime="2026-08-08T23:38:12.7001620+04:00" endTime="2026-08-08T23:38:12.7001690+04:00" testType="13cdc9d9-ddb5-4fa4-a97d-d965ccfc6d4b" outcome="Passed" testListId="8c84fa94-04c1-424b-9868-57a2d4851a1d" relativeResultsDirectory="bef9f128-db73-487f-92b7-f5677f4547af" />
    <UnitTestResult executionId="56cd322e-6d53-4ab8-843e-a916a0ca4cae" testId="26134b1e-5da5-1274-779c-5bbd9d276d5f" testName="SeeSight.Identity.ArchitectureTests.LayeringTests.Domain_has_no_framework_or_infrastructure_package_dependency(forbiddenNamespace: &quot;MediatR&quot;)" computerName="Gigis-MacBook-Air" duration="00:00:00.0006262" startTime="2026-08-08T23:38:12.7044610+04:00" endTime="2026-08-08T23:38:12.7044610+04:00" testType="13cdc9d9-ddb5-4fa4-a97d-d965ccfc6d4b" outcome="Passed" testListId="8c84fa94-04c1-424b-9868-57a2d4851a1d" relativeResultsDirectory="56cd322e-6d53-4ab8-843e-a916a0ca4cae" />
    <UnitTestResult executionId="adee75f1-d689-4d01-8cef-45aee9e8fbec" testId="5ee8caf0-8b9f-676a-c11a-d0f217a4d31e" testName="SeeSight.Identity.ArchitectureTests.LayeringTests.Infrastructure_does_not_depend_on_api" computerName="Gigis-MacBook-Air" duration="00:00:00.0031338" startTime="2026-08-08T23:38:12.7407470+04:00" endTime="2026-08-08T23:38:12.7407470+04:00" testType="13cdc9d9-ddb5-4fa4-a97d-d965ccfc6d4b" outcome="Passed" testListId="8c84fa94-04c1-424b-9868-57a2d4851a1d" relativeResultsDirectory="adee75f1-d689-4d01-8cef-45aee9e8fbec" />
  </Results>
  <TestDefinitions>
    <UnitTest name="SeeSight.Identity.ArchitectureTests.LayeringTests.Domain_does_not_depend_on_application" storage="/users/gigi/desktop/seesight .net/tests/identity/seesight.identity.architecturetests/bin/release/net9.0/seesight.identity.architecturetests.dll" id="a34074e8-d514-6f9b-1dc7-aea8c5ad5b78">
      <Execution id="05bbd0db-d711-4f20-b357-bbc3f6d640ed" />
      <TestMethod codeBase="/Users/gigi/Desktop/Seesight .net/tests/Identity/SeeSight.Identity.ArchitectureTests/bin/Release/net9.0/SeeSight.Identity.ArchitectureTests.dll" adapterTypeName="executor://xunit/VsTestRunner2/netcoreapp" className="SeeSight.Identity.ArchitectureTests.LayeringTests" name="Domain_does_not_depend_on_application" />
    </UnitTest>
    <UnitTest name="SeeSight.Identity.ArchitectureTests.LayeringTests.Application_does_not_depend_on_api" storage="/users/gigi/desktop/seesight .net/tests/identity/seesight.identity.architecturetests/bin/release/net9.0/seesight.identity.architecturetests.dll" id="fe57213a-e930-3b89-d84e-e892cb56e313">
      <Execution id="1025a272-777c-47cb-8b54-25479d468a85" />
      <TestMethod codeBase="/Users/gigi/Desktop/Seesight .net/tests/Identity/SeeSight.Identity.ArchitectureTests/bin/Release/net9.0/SeeSight.Identity.ArchitectureTests.dll" adapterTypeName="executor://xunit/VsTestRunner2/netcoreapp" className="SeeSight.Identity.ArchitectureTests.LayeringTests" name="Application_does_not_depend_on_api" />
    </UnitTest>
    <UnitTest name="SeeSight.Identity.ArchitectureTests.LayeringTests.Domain_has_no_framework_or_infrastructure_package_dependency(forbiddenNamespace: &quot;MediatR&quot;)" storage="/users/gigi/desktop/seesight .net/tests/identity/seesight.identity.architecturetests/bin/release/net9.0/seesight.identity.architecturetests.dll" id="26134b1e-5da5-1274-779c-5bbd9d276d5f">
      <Execution id="56cd322e-6d53-4ab8-843e-a916a0ca4cae" />
      <TestMethod codeBase="/Users/gigi/Desktop/Seesight .net/tests/Identity/SeeSight.Identity.ArchitectureTests/bin/Release/net9.0/SeeSight.Identity.ArchitectureTests.dll" adapterTypeName="executor://xunit/VsTestRunner2/netcoreapp" className="SeeSight.Identity.ArchitectureTests.LayeringTests" name="Domain_has_no_framework_or_infrastructure_package_dependency" />
    </UnitTest>
    <UnitTest name="SeeSight.Identity.ArchitectureTests.LayeringTests.Domain_does_not_depend_on_infrastructure" storage="/users/gigi/desktop/seesight .net/tests/identity/seesight.identity.architecturetests/bin/release/net9.0/seesight.identity.architecturetests.dll" id="6a3f192a-a3c9-6275-ef58-93d2f2d56ea0">
      <Execution id="ff3175c2-13bb-40f8-afc2-accb4625dbcc" />
      <TestMethod codeBase="/Users/gigi/Desktop/Seesight .net/tests/Identity/SeeSight.Identity.ArchitectureTests/bin/Release/net9.0/SeeSight.Identity.ArchitectureTests.dll" adapterTypeName="executor://xunit/VsTestRunner2/netcoreapp" className="SeeSight.Identity.ArchitectureTests.LayeringTests" name="Domain_does_not_depend_on_infrastructure" />
    </UnitTest>
    <UnitTest name="SeeSight.Identity.ArchitectureTests.LayeringTests.Application_has_no_provider_specific_infrastructure_dependency(forbiddenNamespace: &quot;BCrypt&quot;)" storage="/users/gigi/desktop/seesight .net/tests/identity/seesight.identity.architecturetests/bin/release/net9.0/seesight.identity.architecturetests.dll" id="d0cdb916-815a-9657-d132-12425d42b4e8">
      <Execution id="865a41ee-b87b-4efa-84ce-434edb79c6ec" />
      <TestMethod codeBase="/Users/gigi/Desktop/Seesight .net/tests/Identity/SeeSight.Identity.ArchitectureTests/bin/Release/net9.0/SeeSight.Identity.ArchitectureTests.dll" adapterTypeName="executor://xunit/VsTestRunner2/netcoreapp" className="SeeSight.Identity.ArchitectureTests.LayeringTests" name="Application_has_no_provider_specific_infrastructure_dependency" />
    </UnitTest>
    <UnitTest name="SeeSight.Identity.ArchitectureTests.LayeringTests.No_layer_depends_on_the_gateway" storage="/users/gigi/desktop/seesight .net/tests/identity/seesight.identity.architecturetests/bin/release/net9.0/seesight.identity.architecturetests.dll" id="0da990c6-3992-2090-ee30-401909c1207e">
      <Execution id="1d574523-b129-41e7-b2c8-f9bb0d1d7e5a" />
      <TestMethod codeBase="/Users/gigi/Desktop/Seesight .net/tests/Identity/SeeSight.Identity.ArchitectureTests/bin/Release/net9.0/SeeSight.Identity.ArchitectureTests.dll" adapterTypeName="executor://xunit/VsTestRunner2/netcoreapp" className="SeeSight.Identity.ArchitectureTests.LayeringTests" name="No_layer_depends_on_the_gateway" />
    </UnitTest>
    <UnitTest name="SeeSight.Identity.ArchitectureTests.LayeringTests.Infrastructure_does_not_depend_on_api" storage="/users/gigi/desktop/seesight .net/tests/identity/seesight.identity.architecturetests/bin/release/net9.0/seesight.identity.architecturetests.dll" id="5ee8caf0-8b9f-676a-c11a-d0f217a4d31e">
      <Execution id="adee75f1-d689-4d01-8cef-45aee9e8fbec" />
      <TestMethod codeBase="/Users/gigi/Desktop/Seesight .net/tests/Identity/SeeSight.Identity.ArchitectureTests/bin/Release/net9.0/SeeSight.Identity.ArchitectureTests.dll" adapterTypeName="executor://xunit/VsTestRunner2/netcoreapp" className="SeeSight.Identity.ArchitectureTests.LayeringTests" name="Infrastructure_does_not_depend_on_api" />
    </UnitTest>
    <UnitTest name="SeeSight.Identity.ArchitectureTests.LayeringTests.Application_does_not_depend_on_infrastructure" storage="/users/gigi/desktop/seesight .net/tests/identity/seesight.identity.architecturetests/bin/release/net9.0/seesight.identity.architecturetests.dll" id="9d9e58e3-ae3c-6e2a-d0bb-c1e17af66bad">
      <Execution id="a5aafd93-0ecf-48b9-85a6-f3efd31cea0b" />
      <TestMethod codeBase="/Users/gigi/Desktop/Seesight .net/tests/Identity/SeeSight.Identity.ArchitectureTests/bin/Release/net9.0/SeeSight.Identity.ArchitectureTests.dll" adapterTypeName="executor://xunit/VsTestRunner2/netcoreapp" className="SeeSight.Identity.ArchitectureTests.LayeringTests" name="Application_does_not_depend_on_infrastructure" />
    </UnitTest>
    <UnitTest name="SeeSight.Identity.ArchitectureTests.LayeringTests.Application_has_no_provider_specific_infrastructure_dependency(forbiddenNamespace: &quot;Microsoft.IdentityModel&quot;)" storage="/users/gigi/desktop/seesight .net/tests/identity/seesight.identity.architecturetests/bin/release/net9.0/seesight.identity.architecturetests.dll" id="c5531dec-0eb4-cda6-d611-ecd75dd5dd94">
      <Execution id="d10f7800-30cd-4c8e-96c7-e6ee9bd29f07" />
      <TestMethod codeBase="/Users/gigi/Desktop/Seesight .net/tests/Identity/SeeSight.Identity.ArchitectureTests/bin/Release/net9.0/SeeSight.Identity.ArchitectureTests.dll" adapterTypeName="executor://xunit/VsTestRunner2/netcoreapp" className="SeeSight.Identity.ArchitectureTests.LayeringTests" name="Application_has_no_provider_specific_infrastructure_dependency" />
    </UnitTest>
    <UnitTest name="SeeSight.Identity.ArchitectureTests.LayeringTests.Domain_does_not_depend_on_api" storage="/users/gigi/desktop/seesight .net/tests/identity/seesight.identity.architecturetests/bin/release/net9.0/seesight.identity.architecturetests.dll" id="c50c17af-538e-1811-0d18-23261d50926d">
      <Execution id="abe393b6-8144-4d10-9aa5-0addf7d9c0ba" />
      <TestMethod codeBase="/Users/gigi/Desktop/Seesight .net/tests/Identity/SeeSight.Identity.ArchitectureTests/bin/Release/net9.0/SeeSight.Identity.ArchitectureTests.dll" adapterTypeName="executor://xunit/VsTestRunner2/netcoreapp" className="SeeSight.Identity.ArchitectureTests.LayeringTests" name="Domain_does_not_depend_on_api" />
    </UnitTest>
    <UnitTest name="SeeSight.Identity.ArchitectureTests.LayeringTests.Domain_has_no_framework_or_infrastructure_package_dependency(forbiddenNamespace: &quot;Microsoft.AspNetCore&quot;)" storage="/users/gigi/desktop/seesight .net/tests/identity/seesight.identity.architecturetests/bin/release/net9.0/seesight.identity.architecturetests.dll" id="6d1361c2-c74e-32f2-2971-3824cebf891d">
      <Execution id="4cf810e0-a41f-475a-abae-3385a0cb63a6" />
      <TestMethod codeBase="/Users/gigi/Desktop/Seesight .net/tests/Identity/SeeSight.Identity.ArchitectureTests/bin/Release/net9.0/SeeSight.Identity.ArchitectureTests.dll" adapterTypeName="executor://xunit/VsTestRunner2/netcoreapp" className="SeeSight.Identity.ArchitectureTests.LayeringTests" name="Domain_has_no_framework_or_infrastructure_package_dependency" />
    </UnitTest>
    <UnitTest name="SeeSight.Identity.ArchitectureTests.LayeringTests.Domain_has_no_framework_or_infrastructure_package_dependency(forbiddenNamespace: &quot;FluentValidation&quot;)" storage="/users/gigi/desktop/seesight .net/tests/identity/seesight.identity.architecturetests/bin/release/net9.0/seesight.identity.architecturetests.dll" id="49942088-d593-b144-7590-87769864c1bf">
      <Execution id="8ba36a42-bd80-4b84-9497-5f183dd10435" />
      <TestMethod codeBase="/Users/gigi/Desktop/Seesight .net/tests/Identity/SeeSight.Identity.ArchitectureTests/bin/Release/net9.0/SeeSight.Identity.ArchitectureTests.dll" adapterTypeName="executor://xunit/VsTestRunner2/netcoreapp" className="SeeSight.Identity.ArchitectureTests.LayeringTests" name="Domain_has_no_framework_or_infrastructure_package_dependency" />
    </UnitTest>
    <UnitTest name="SeeSight.Identity.ArchitectureTests.LayeringTests.Application_has_no_provider_specific_infrastructure_dependency(forbiddenNamespace: &quot;Microsoft.EntityFrameworkCore.Design&quot;)" storage="/users/gigi/desktop/seesight .net/tests/identity/seesight.identity.architecturetests/bin/release/net9.0/seesight.identity.architecturetests.dll" id="94c169d5-d375-a577-aac9-e91fe1c96143">
      <Execution id="1bea0308-41d0-4e8c-8763-00dab7273743" />
      <TestMethod codeBase="/Users/gigi/Desktop/Seesight .net/tests/Identity/SeeSight.Identity.ArchitectureTests/bin/Release/net9.0/SeeSight.Identity.ArchitectureTests.dll" adapterTypeName="executor://xunit/VsTestRunner2/netcoreapp" className="SeeSight.Identity.ArchitectureTests.LayeringTests" name="Application_has_no_provider_specific_infrastructure_dependency" />
    </UnitTest>
    <UnitTest name="SeeSight.Identity.ArchitectureTests.LayeringTests.Application_has_no_provider_specific_infrastructure_dependency(forbiddenNamespace: &quot;Npgsql&quot;)" storage="/users/gigi/desktop/seesight .net/tests/identity/seesight.identity.architecturetests/bin/release/net9.0/seesight.identity.architecturetests.dll" id="8176d54c-e2e4-6ea3-62b7-ef55695b452a">
      <Execution id="c8c73ec1-c650-4a7a-85f8-257131a44fdb" />
      <TestMethod codeBase="/Users/gigi/Desktop/Seesight .net/tests/Identity/SeeSight.Identity.ArchitectureTests/bin/Release/net9.0/SeeSight.Identity.ArchitectureTests.dll" adapterTypeName="executor://xunit/VsTestRunner2/netcoreapp" className="SeeSight.Identity.ArchitectureTests.LayeringTests" name="Application_has_no_provider_specific_infrastructure_dependency" />
    </UnitTest>
    <UnitTest name="SeeSight.Identity.ArchitectureTests.LayeringTests.Domain_has_no_framework_or_infrastructure_package_dependency(forbiddenNamespace: &quot;Microsoft.EntityFrameworkCore&quot;)" storage="/users/gigi/desktop/seesight .net/tests/identity/seesight.identity.architecturetests/bin/release/net9.0/seesight.identity.architecturetests.dll" id="56aed4cd-fabc-2086-10de-0f7053705bb9">
      <Execution id="bef9f128-db73-487f-92b7-f5677f4547af" />
      <TestMethod codeBase="/Users/gigi/Desktop/Seesight .net/tests/Identity/SeeSight.Identity.ArchitectureTests/bin/Release/net9.0/SeeSight.Identity.ArchitectureTests.dll" adapterTypeName="executor://xunit/VsTestRunner2/netcoreapp" className="SeeSight.Identity.ArchitectureTests.LayeringTests" name="Domain_has_no_framework_or_infrastructure_package_dependency" />
    </UnitTest>
  </TestDefinitions>
  <TestEntries>
    <TestEntry testId="c50c17af-538e-1811-0d18-23261d50926d" executionId="abe393b6-8144-4d10-9aa5-0addf7d9c0ba" testListId="8c84fa94-04c1-424b-9868-57a2d4851a1d" />
    <TestEntry testId="9d9e58e3-ae3c-6e2a-d0bb-c1e17af66bad" executionId="a5aafd93-0ecf-48b9-85a6-f3efd31cea0b" testListId="8c84fa94-04c1-424b-9868-57a2d4851a1d" />
    <TestEntry testId="c5531dec-0eb4-cda6-d611-ecd75dd5dd94" executionId="d10f7800-30cd-4c8e-96c7-e6ee9bd29f07" testListId="8c84fa94-04c1-424b-9868-57a2d4851a1d" />
    <TestEntry testId="6d1361c2-c74e-32f2-2971-3824cebf891d" executionId="4cf810e0-a41f-475a-abae-3385a0cb63a6" testListId="8c84fa94-04c1-424b-9868-57a2d4851a1d" />
    <TestEntry testId="49942088-d593-b144-7590-87769864c1bf" executionId="8ba36a42-bd80-4b84-9497-5f183dd10435" testListId="8c84fa94-04c1-424b-9868-57a2d4851a1d" />
    <TestEntry testId="a34074e8-d514-6f9b-1dc7-aea8c5ad5b78" executionId="05bbd0db-d711-4f20-b357-bbc3f6d640ed" testListId="8c84fa94-04c1-424b-9868-57a2d4851a1d" />
    <TestEntry testId="6a3f192a-a3c9-6275-ef58-93d2f2d56ea0" executionId="ff3175c2-13bb-40f8-afc2-accb4625dbcc" testListId="8c84fa94-04c1-424b-9868-57a2d4851a1d" />
    <TestEntry testId="fe57213a-e930-3b89-d84e-e892cb56e313" executionId="1025a272-777c-47cb-8b54-25479d468a85" testListId="8c84fa94-04c1-424b-9868-57a2d4851a1d" />
    <TestEntry testId="94c169d5-d375-a577-aac9-e91fe1c96143" executionId="1bea0308-41d0-4e8c-8763-00dab7273743" testListId="8c84fa94-04c1-424b-9868-57a2d4851a1d" />
    <TestEntry testId="0da990c6-3992-2090-ee30-401909c1207e" executionId="1d574523-b129-41e7-b2c8-f9bb0d1d7e5a" testListId="8c84fa94-04c1-424b-9868-57a2d4851a1d" />
    <TestEntry testId="d0cdb916-815a-9657-d132-12425d42b4e8" executionId="865a41ee-b87b-4efa-84ce-434edb79c6ec" testListId="8c84fa94-04c1-424b-9868-57a2d4851a1d" />
    <TestEntry testId="8176d54c-e2e4-6ea3-62b7-ef55695b452a" executionId="c8c73ec1-c650-4a7a-85f8-257131a44fdb" testListId="8c84fa94-04c1-424b-9868-57a2d4851a1d" />
    <TestEntry testId="56aed4cd-fabc-2086-10de-0f7053705bb9" executionId="bef9f128-db73-487f-92b7-f5677f4547af" testListId="8c84fa94-04c1-424b-9868-57a2d4851a1d" />
    <TestEntry testId="26134b1e-5da5-1274-779c-5bbd9d276d5f" executionId="56cd322e-6d53-4ab8-843e-a916a0ca4cae" testListId="8c84fa94-04c1-424b-9868-57a2d4851a1d" />
    <TestEntry testId="5ee8caf0-8b9f-676a-c11a-d0f217a4d31e" executionId="adee75f1-d689-4d01-8cef-45aee9e8fbec" testListId="8c84fa94-04c1-424b-9868-57a2d4851a1d" />
  </TestEntries>
  <TestLists>
    <TestList name="Results Not in a List" id="8c84fa94-04c1-424b-9868-57a2d4851a1d" />
    <TestList name="All Loaded Results" id="19431567-8539-422a-85d7-44ee4e166bda" />
  </TestLists>
  <ResultSummary outcome="Completed">
    <Counters total="15" executed="15" passed="15" failed="0" error="0" timeout="0" aborted="0" inconclusive="0" passedButRunAborted="0" notRunnable="0" notExecuted="0" disconnected="0" warning="0" completed="0" inProgress="0" pending="0" />
    <Output>
      <StdOut>[xUnit.net 00:00:00.00] xUnit.net VSTest Adapter v2.8.2+699d445a1a (64-bit .NET 9.0.18)
[xUnit.net 00:00:00.03]   Discovering: SeeSight.Identity.ArchitectureTests
[xUnit.net 00:00:00.05]   Discovered:  SeeSight.Identity.ArchitectureTests
[xUnit.net 00:00:00.05]   Starting:    SeeSight.Identity.ArchitectureTests
[xUnit.net 00:00:00.14]   Finished:    SeeSight.Identity.ArchitectureTests
</StdOut>
    </Output>
    <CollectorDataEntries>
      <Collector agentName="Gigis-MacBook-Air" uri="datacollector://microsoft/CoverletCodeCoverage/1.0" collectorDisplayName="XPlat code coverage">
        <UriAttachments>
          <UriAttachment>
            <A href="Gigis-MacBook-Air/coverage.cobertura.xml"></A>
          </UriAttachment>
        </UriAttachments>
      </Collector>
    </CollectorDataEntries>
  </ResultSummary>
</TestRun>